日志文件创建: 20260627_log_20260709_182924.log
==== [Info] ====
种子: 20260627
中心区块: 区块坐标: (0, 0) - 世界坐标: x:[0,16) z:[0,16)
扫描半径: 50000
扫描范围 - 区块: 左上角(-50000, 50000) 右下角(50000, -50000)
扫描范围 - 世界坐标: 左上角x:[-800000,-799984) z:[800015,800031) 右下角x:[800015,800031) z:[-800000,-799984)
区块总数: 100001×100001=10000200001
模式: Match
匹配模式: 3×3
匹配图案:
  1, 1, 1
  1, 1, 1
  1, 1, 1
匹配目标: 0
内存限制: 6 GiB
输出匹配文件: true
输出网格文件: false
输出日志文件: true
终端模式: Basic

==== [Progress] ====
  预估内存: 9.3134 GiB
  分块处理: 是
  分块数量: 2
  每块行数: 51539
  分块内存: 4.8000 GiB
  开始计算...
[1/2]       生成网格    0%     0s    处理网格    0%     0s
[1/2]       生成网格   0%     0s    处理网格    0%     0s
[1/2]       生成网格   36%     0s    处理网格    0%     0s
[1/2]       生成网格   76%     1s    处理网格    0%     0s
[1/2]       生成网格  100%     1s    处理网格    0%     0s
[1/2]       生成网格  100%     1s    处理网格   0%     0s
[1/2]       生成网格  100%     1s    处理网格   4%     0s
[1/2]       生成网格  100%     1s    处理网格   8%     1s
[1/2]       生成网格  100%     1s    处理网格   12%     1s
[1/2]       生成网格  100%     1s    处理网格   15%     2s
[1/2]       生成网格  100%     1s    处理网格   19%     2s
[1/2]       生成网格  100%     1s    处理网格   23%     3s
[1/2]       生成网格  100%     1s    处理网格   27%     3s
[1/2]       生成网格  100%     1s    处理网格   31%     4s
[1/2]       生成网格  100%     1s    处理网格   35%     4s
[1/2]       生成网格  100%     1s    处理网格   39%     5s
[1/2]       生成网格  100%     1s    处理网格   43%     5s
[1/2]       生成网格  100%     1s    处理网格   47%     6s
[1/2]       生成网格  100%     1s    处理网格   50%     6s
[1/2]       生成网格  100%     1s    处理网格   54%     7s
[1/2]       生成网格  100%     1s    处理网格   58%     7s
[1/2]       生成网格  100%     1s    处理网格   62%     8s
[1/2]       生成网格  100%     1s    处理网格   66%     8s
[1/2]       生成网格  100%     1s    处理网格   70%     9s
[1/2]       生成网格  100%     1s    处理网格   74%     9s
[1/2]       生成网格  100%     1s    处理网格   78%     10s
[1/2]       生成网格  100%     1s    处理网格   81%     10s
[1/2]       生成网格  100%     1s    处理网格   85%     11s
[1/2]       生成网格  100%     1s    处理网格   89%     11s
[1/2]       生成网格  100%     1s    处理网格   93%     12s
[1/2]       生成网格  100%     1s    处理网格   97%     12s
[1/2]       生成网格  100%     1s    处理网格  100%     13s
[2/2]       生成网格    0%     0s    处理网格    0%     0s
[2/2]       生成网格   0%     0s    处理网格    0%     0s
[2/2]       生成网格   60%     0s    处理网格    0%     0s
[2/2]       生成网格  100%     1s    处理网格    0%     0s
[2/2]       生成网格  100%     1s    处理网格   0%     0s
[2/2]       生成网格  100%     1s    处理网格   4%     0s
[2/2]       生成网格  100%     1s    处理网格   8%     1s
[2/2]       生成网格  100%     1s    处理网格   12%     1s
[2/2]       生成网格  100%     1s    处理网格   17%     2s
[2/2]       生成网格  100%     1s    处理网格   21%     2s
[2/2]       生成网格  100%     1s    处理网格   25%     3s
[2/2]       生成网格  100%     1s    处理网格   29%     3s
[2/2]       生成网格  100%     1s    处理网格   33%     4s
[2/2]       生成网格  100%     1s    处理网格   38%     4s
[2/2]       生成网格  100%     1s    处理网格   42%     5s
[2/2]       生成网格  100%     1s    处理网格   46%     5s
[2/2]       生成网格  100%     1s    处理网格   50%     6s
[2/2]       生成网格  100%     1s    处理网格   53%     6s
[2/2]       生成网格  100%     1s    处理网格   58%     7s
[2/2]       生成网格  100%     1s    处理网格   62%     7s
[2/2]       生成网格  100%     1s    处理网格   66%     8s
[2/2]       生成网格  100%     1s    处理网格   70%     8s
[2/2]       生成网格  100%     1s    处理网格   74%     9s
[2/2]       生成网格  100%     1s    处理网格   78%     9s
[2/2]       生成网格  100%     1s    处理网格   82%     10s
[2/2]       生成网格  100%     1s    处理网格   86%     10s
[2/2]       生成网格  100%     1s    处理网格   90%     11s
[2/2]       生成网格  100%     1s    处理网格   94%     11s
[2/2]       生成网格  100%     1s    处理网格   98%     12s
[2/2]       生成网格  100%     1s    处理网格  100%     12s
====================
==== [Stats] ====
预处理耗时: 14.448041ms
网格生成耗时: 32.615247458s
处理耗时: 32.615247458s
输出耗时: 32.615247458s
总耗时: 32.630185917s
处理速度: 306470825 区块/秒
史莱姆区块数: 999976058 (10.00%)
================
